// Jest Snapshot v1, https://goo.gl/fbAQLP

exports[`App.vue it has the correct pristine / empty state 1`] = `
<div
  class="options"
>
  <div
    class="container"
  >
    <div
      class="header"
    >
       Headless Recorder Options 
      <small
        class="saving-badge text-muted"
        style="display: none;"
      >
         Saving... 
      </small>
    </div>
    <!--v-if-->
    <div
      class="footer"
    >
       sponsored by 
      <a
        href="https://checklyhq.com"
        target="_blank"
      >
        <img
          alt=""
          src=""
        />
      </a>
    </div>
  </div>
</div>
`;
